// Jest Snapshot v1, https://goo.gl/fbAQLP

exports[`Context Menu Overlay should render Context Menu Overlay correctly 1`] = `
<div
  className="sc-ifAKCX EmPKX"
  onClick={[MockFunction]}
>
  <div
    className="sc-EHOje hFkCuy"
    onClick={[MockFunction]}
  />
  <div
    className="sc-bxivhb dzPEtI"
    height={0}
    width={0}
  />
  <div
    className="sc-htpNat eiGWKe"
  >
    <ul>
      <li
        className="label"
      >
        Interactions
      </li>
      <li
        className="clickable"
        onMouseDown={[Function]}
      >
        Click
      </li>
      <li
        className="clickable"
        onMouseDown={[Function]}
      >
        Enter text...
      </li>
      <li
        className="clickable"
        onMouseDown={[Function]}
      >
        Hover
      </li>
      <li
        className="clickable"
        onMouseDown={[Function]}
      >
        Wait...
      </li>
      <li
        className="label"
      >
        Asserts
      </li>
      <li
        className="clickable"
        onMouseDown={[Function]}
      >
        Attributes...
      </li>
      <li
        className="clickable"
        onMouseDown={[Function]}
      >
        Contains text...
      </li>
      <li
        className="clickable"
        onMouseDown={[Function]}
      >
        Count...
      </li>
      <li
        className="clickable"
        onMouseDown={[Function]}
      >
        Exists
      </li>
      <li
        className="label"
      >
        Global
      </li>
      <li
        className="clickable"
        onMouseDown={[Function]}
      >
        Go to URL...
      </li>
      <li
        className="clickable"
        onMouseDown={[Function]}
      >
        Match current URL
      </li>
      <li
        className="clickable"
        onMouseDown={[Function]}
      >
        URL contains...
      </li>
      <li
        className="clickable"
        onMouseDown={[Function]}
      >
        Visit current URL
      </li>
    </ul>
    <small>
      .context-menu-overlay-test
    </small>
  </div>
</div>
`;
