// Jest Snapshot v1, https://goo.gl/fbAQLP

exports[`Context Menu should render context menu correctly 1`] = `
<div
  className="contextMenu"
  style={
    Object {
      "left": "0px",
      "top": "0px",
    }
  }
>
  <ul>
    <li>
      <h2>
        Interactions
      </h2>
    </li>
    <li
      className="clickable"
      onMouseDown={[Function]}
    >
      Click
    </li>
    <li
      className="clickable"
      onMouseDown={[Function]}
    >
      Enter text...
    </li>
    <li
      className="clickable"
      onMouseDown={[Function]}
    >
      Hover
    </li>
    <li
      className="clickable"
      onMouseDown={[Function]}
    >
      Wait...
    </li>
    <li>
      <h2>
        Asserts
      </h2>
    </li>
    <li
      className="clickable"
      onMouseDown={[Function]}
    >
      Attributes...
    </li>
    <li
      className="clickable"
      onMouseDown={[Function]}
    >
      Contains text...
    </li>
    <li
      className="clickable"
      onMouseDown={[Function]}
    >
      Count...
    </li>
    <li
      className="clickable"
      onMouseDown={[Function]}
    >
      Exists
    </li>
    <li>
      <h2>
        Global
      </h2>
    </li>
    <li
      className="clickable"
      onMouseDown={[Function]}
    >
      Go to URL...
    </li>
    <li
      className="clickable"
      onMouseDown={[Function]}
    >
      Match current URL
    </li>
    <li
      className="clickable"
      onMouseDown={[Function]}
    >
      URL contains...
    </li>
    <li
      className="clickable"
      onMouseDown={[Function]}
    >
      Visit current URL
    </li>
  </ul>
  <small>
    .context-menu-test
  </small>
</div>
`;
