// Jest Snapshot v1, https://goo.gl/fbAQLP

exports[`Headers should render correctly 1`] = `
<div
  className="tableContainer"
>
  <table
    className="table"
  >
    <thead>
      <tr>
        <th>
          Property
        </th>
        <th>
          Value
        </th>
      </tr>
    </thead>
    <tbody />
  </table>
</div>
`;
